------------------------------------------------------------
TimeQuest Timing Analyzer Summary
------------------------------------------------------------

Type  : Slow Model Setup 'clk'
Slack : -3.532
TNS   : -124.585

Type  : Slow Model Setup 'updateclk:clock|update'
Slack : -2.881
TNS   : -41.393

Type  : Slow Model Hold 'clk'
Slack : -2.703
TNS   : -2.703

Type  : Slow Model Hold 'updateclk:clock|update'
Slack : 1.444
TNS   : 0.000

Type  : Slow Model Minimum Pulse Width 'clk'
Slack : -1.631
TNS   : -65.175

Type  : Slow Model Minimum Pulse Width 'updateclk:clock|update'
Slack : -0.611
TNS   : -23.218

Type  : Fast Model Setup 'clk'
Slack : -0.752
TNS   : -19.221

Type  : Fast Model Setup 'updateclk:clock|update'
Slack : -0.554
TNS   : -5.387

Type  : Fast Model Hold 'clk'
Slack : -1.730
TNS   : -1.730

Type  : Fast Model Hold 'updateclk:clock|update'
Slack : 0.522
TNS   : 0.000

Type  : Fast Model Minimum Pulse Width 'clk'
Slack : -1.380
TNS   : -53.380

Type  : Fast Model Minimum Pulse Width 'updateclk:clock|update'
Slack : -0.500
TNS   : -19.000

------------------------------------------------------------
